  APU.cpp
  NES.cpp
  NESLogger.cpp
  NESROM.cpp
  PPU.cpp
  RiskV.cpp
  RiskVProcessor.cpp
  SDLNTSC.cpp
F:\RiskV-Vinod\RiskV\SDLNTSC.cpp(12,17): warning C4804: '<': unsafe use of type 'bool' in operation
F:\RiskV-Vinod\RiskV\SDLNTSC.cpp(153,36): warning C4267: 'argument': conversion from 'size_t' to 'int', possible loss of data
  nes_ntsc.c
F:\RiskV-Vinod\RiskV\lib\nes_ntsc\nes_ntsc.inl(253,4): warning C4244: '=': conversion from 'unsigned long' to 'nes_ntsc_out_t', possible loss of data
  (compiling source file 'lib/nes_ntsc/nes_ntsc.c')
  
F:\RiskV-Vinod\RiskV\lib\nes_ntsc\nes_ntsc.inl(253,4): warning C4244: '=': conversion from 'nes_ntsc_rgb_t' to 'nes_ntsc_out_t', possible loss of data
  (compiling source file 'lib/nes_ntsc/nes_ntsc.c')
  
F:\RiskV-Vinod\RiskV\lib\nes_ntsc\nes_ntsc.inl(254,4): warning C4244: '=': conversion from 'unsigned long' to 'nes_ntsc_out_t', possible loss of data
  (compiling source file 'lib/nes_ntsc/nes_ntsc.c')
  
F:\RiskV-Vinod\RiskV\lib\nes_ntsc\nes_ntsc.inl(254,4): warning C4244: '=': conversion from 'nes_ntsc_rgb_t' to 'nes_ntsc_out_t', possible loss of data
  (compiling source file 'lib/nes_ntsc/nes_ntsc.c')
  
F:\RiskV-Vinod\RiskV\lib\nes_ntsc\nes_ntsc.inl(257,4): warning C4244: '=': conversion from 'unsigned long' to 'nes_ntsc_out_t', possible loss of data
  (compiling source file 'lib/nes_ntsc/nes_ntsc.c')
  
F:\RiskV-Vinod\RiskV\lib\nes_ntsc\nes_ntsc.inl(257,4): warning C4244: '=': conversion from 'nes_ntsc_rgb_t' to 'nes_ntsc_out_t', possible loss of data
  (compiling source file 'lib/nes_ntsc/nes_ntsc.c')
  
F:\RiskV-Vinod\RiskV\lib\nes_ntsc\nes_ntsc.inl(258,4): warning C4244: '=': conversion from 'unsigned long' to 'nes_ntsc_out_t', possible loss of data
  (compiling source file 'lib/nes_ntsc/nes_ntsc.c')
  
F:\RiskV-Vinod\RiskV\lib\nes_ntsc\nes_ntsc.inl(258,4): warning C4244: '=': conversion from 'nes_ntsc_rgb_t' to 'nes_ntsc_out_t', possible loss of data
  (compiling source file 'lib/nes_ntsc/nes_ntsc.c')
  
F:\RiskV-Vinod\RiskV\lib\nes_ntsc\nes_ntsc.inl(261,4): warning C4244: '=': conversion from 'unsigned long' to 'nes_ntsc_out_t', possible loss of data
  (compiling source file 'lib/nes_ntsc/nes_ntsc.c')
  
F:\RiskV-Vinod\RiskV\lib\nes_ntsc\nes_ntsc.inl(261,4): warning C4244: '=': conversion from 'nes_ntsc_rgb_t' to 'nes_ntsc_out_t', possible loss of data
  (compiling source file 'lib/nes_ntsc/nes_ntsc.c')
  
F:\RiskV-Vinod\RiskV\lib\nes_ntsc\nes_ntsc.inl(262,4): warning C4244: '=': conversion from 'unsigned long' to 'nes_ntsc_out_t', possible loss of data
  (compiling source file 'lib/nes_ntsc/nes_ntsc.c')
  
F:\RiskV-Vinod\RiskV\lib\nes_ntsc\nes_ntsc.inl(262,4): warning C4244: '=': conversion from 'nes_ntsc_rgb_t' to 'nes_ntsc_out_t', possible loss of data
  (compiling source file 'lib/nes_ntsc/nes_ntsc.c')
  
F:\RiskV-Vinod\RiskV\lib\nes_ntsc\nes_ntsc.inl(263,4): warning C4244: '=': conversion from 'unsigned long' to 'nes_ntsc_out_t', possible loss of data
  (compiling source file 'lib/nes_ntsc/nes_ntsc.c')
  
F:\RiskV-Vinod\RiskV\lib\nes_ntsc\nes_ntsc.inl(263,4): warning C4244: '=': conversion from 'nes_ntsc_rgb_t' to 'nes_ntsc_out_t', possible loss of data
  (compiling source file 'lib/nes_ntsc/nes_ntsc.c')
  
F:\RiskV-Vinod\RiskV\lib\nes_ntsc\nes_ntsc.inl(271,3): warning C4244: '=': conversion from 'unsigned long' to 'nes_ntsc_out_t', possible loss of data
  (compiling source file 'lib/nes_ntsc/nes_ntsc.c')
  
F:\RiskV-Vinod\RiskV\lib\nes_ntsc\nes_ntsc.inl(271,3): warning C4244: '=': conversion from 'nes_ntsc_rgb_t' to 'nes_ntsc_out_t', possible loss of data
  (compiling source file 'lib/nes_ntsc/nes_ntsc.c')
  
F:\RiskV-Vinod\RiskV\lib\nes_ntsc\nes_ntsc.inl(272,3): warning C4244: '=': conversion from 'unsigned long' to 'nes_ntsc_out_t', possible loss of data
  (compiling source file 'lib/nes_ntsc/nes_ntsc.c')
  
F:\RiskV-Vinod\RiskV\lib\nes_ntsc\nes_ntsc.inl(272,3): warning C4244: '=': conversion from 'nes_ntsc_rgb_t' to 'nes_ntsc_out_t', possible loss of data
  (compiling source file 'lib/nes_ntsc/nes_ntsc.c')
  
F:\RiskV-Vinod\RiskV\lib\nes_ntsc\nes_ntsc.inl(275,3): warning C4244: '=': conversion from 'unsigned long' to 'nes_ntsc_out_t', possible loss of data
  (compiling source file 'lib/nes_ntsc/nes_ntsc.c')
  
F:\RiskV-Vinod\RiskV\lib\nes_ntsc\nes_ntsc.inl(275,3): warning C4244: '=': conversion from 'nes_ntsc_rgb_t' to 'nes_ntsc_out_t', possible loss of data
  (compiling source file 'lib/nes_ntsc/nes_ntsc.c')
  
F:\RiskV-Vinod\RiskV\lib\nes_ntsc\nes_ntsc.inl(276,3): warning C4244: '=': conversion from 'unsigned long' to 'nes_ntsc_out_t', possible loss of data
  (compiling source file 'lib/nes_ntsc/nes_ntsc.c')
  
F:\RiskV-Vinod\RiskV\lib\nes_ntsc\nes_ntsc.inl(276,3): warning C4244: '=': conversion from 'nes_ntsc_rgb_t' to 'nes_ntsc_out_t', possible loss of data
  (compiling source file 'lib/nes_ntsc/nes_ntsc.c')
  
F:\RiskV-Vinod\RiskV\lib\nes_ntsc\nes_ntsc.inl(279,3): warning C4244: '=': conversion from 'unsigned long' to 'nes_ntsc_out_t', possible loss of data
  (compiling source file 'lib/nes_ntsc/nes_ntsc.c')
  
F:\RiskV-Vinod\RiskV\lib\nes_ntsc\nes_ntsc.inl(279,3): warning C4244: '=': conversion from 'nes_ntsc_rgb_t' to 'nes_ntsc_out_t', possible loss of data
  (compiling source file 'lib/nes_ntsc/nes_ntsc.c')
  
F:\RiskV-Vinod\RiskV\lib\nes_ntsc\nes_ntsc.inl(280,3): warning C4244: '=': conversion from 'unsigned long' to 'nes_ntsc_out_t', possible loss of data
  (compiling source file 'lib/nes_ntsc/nes_ntsc.c')
  
F:\RiskV-Vinod\RiskV\lib\nes_ntsc\nes_ntsc.inl(280,3): warning C4244: '=': conversion from 'nes_ntsc_rgb_t' to 'nes_ntsc_out_t', possible loss of data
  (compiling source file 'lib/nes_ntsc/nes_ntsc.c')
  
F:\RiskV-Vinod\RiskV\lib\nes_ntsc\nes_ntsc.inl(281,3): warning C4244: '=': conversion from 'unsigned long' to 'nes_ntsc_out_t', possible loss of data
  (compiling source file 'lib/nes_ntsc/nes_ntsc.c')
  
F:\RiskV-Vinod\RiskV\lib\nes_ntsc\nes_ntsc.inl(281,3): warning C4244: '=': conversion from 'nes_ntsc_rgb_t' to 'nes_ntsc_out_t', possible loss of data
  (compiling source file 'lib/nes_ntsc/nes_ntsc.c')
  
  Generating code
  472 of 531 functions (88.9%) were compiled, the rest were copied from previous compilation.
    187 functions were new in current compilation
    17 functions had inline decision re-evaluated but remain unchanged
  Finished generating code
  RiskV.vcxproj -> F:\RiskV-Vinod\RiskV\x64\Release\RiskV.exe
