f:\riskv-vinod\riskv\riskv\x64\debug\vc143.pdb
f:\riskv-vinod\riskv\riskv\x64\debug\vc143.idb
f:\riskv-vinod\riskv\riskv\x64\debug\benchmark.obj
f:\riskv-vinod\riskv\riskv\x64\debug\riskvprocessor.obj
f:\riskv-vinod\riskv\riskv\x64\debug\riskv.obj
f:\riskv-vinod\riskv\riskv\x64\debug\nesrom.obj
f:\riskv-vinod\riskv\riskv\x64\debug\neslogger.obj
f:\riskv-vinod\riskv\riskv\x64\debug\nes.obj
f:\riskv-vinod\riskv\riskv\x64\debug\sdlntsc.obj
f:\riskv-vinod\riskv\riskv\x64\debug\ppu.obj
f:\riskv-vinod\riskv\riskv\x64\debug\apu.obj
f:\riskv-vinod\riskv\riskv\x64\debug\imgui_widgets.obj
f:\riskv-vinod\riskv\riskv\x64\debug\imgui_tables.obj
f:\riskv-vinod\riskv\riskv\x64\debug\imgui_draw.obj
f:\riskv-vinod\riskv\riskv\x64\debug\imgui.obj
f:\riskv-vinod\riskv\riskv\x64\debug\imgui_impl_sdlrenderer3.obj
f:\riskv-vinod\riskv\riskv\x64\debug\imgui_impl_sdl3.obj
f:\riskv-vinod\riskv\riskv\x64\debug\nes_ntsc.obj
f:\riskv-vinod\riskv\riskv\x64\debug\imgui_demo.obj
f:\riskv-vinod\riskv\x64\debug\riskv.exe
f:\riskv-vinod\riskv\x64\debug\riskv.pdb
f:\riskv-vinod\riskv\riskv\x64\debug\riskv.ilk
f:\riskv-vinod\riskv\riskv\x64\debug\apu.obj.enc
f:\riskv-vinod\riskv\riskv\x64\debug\riskv.tlog\cl.command.1.tlog
f:\riskv-vinod\riskv\riskv\x64\debug\riskv.tlog\cl.items.tlog
f:\riskv-vinod\riskv\riskv\x64\debug\riskv.tlog\cl.read.1.tlog
f:\riskv-vinod\riskv\riskv\x64\debug\riskv.tlog\cl.write.1.tlog
f:\riskv-vinod\riskv\riskv\x64\debug\riskv.tlog\link.command.1.tlog
f:\riskv-vinod\riskv\riskv\x64\debug\riskv.tlog\link.read.1.tlog
f:\riskv-vinod\riskv\riskv\x64\debug\riskv.tlog\link.secondary.1.tlog
f:\riskv-vinod\riskv\riskv\x64\debug\riskv.tlog\link.write.1.tlog
